------------------------------------------------------------
Timing Analyzer Summary
------------------------------------------------------------

Type  : Slow 1200mV 85C Model Setup 'vgapll_inst|altpll_component|auto_generated|pll1|clk[0]'
Slack : -6.038
TNS   : -28.271

Type  : Slow 1200mV 85C Model Setup 'movimenta_objetos:movimenta|velocidade_objeto:speed|vClock'
Slack : -4.031
TNS   : -53.955

Type  : Slow 1200mV 85C Model Hold 'vgapll_inst|altpll_component|auto_generated|pll1|clk[0]'
Slack : -0.225
TNS   : -0.225

Type  : Slow 1200mV 85C Model Hold 'movimenta_objetos:movimenta|velocidade_objeto:speed|vClock'
Slack : 0.656
TNS   : 0.000

Type  : Slow 1200mV 85C Model Minimum Pulse Width 'movimenta_objetos:movimenta|velocidade_objeto:speed|vClock'
Slack : -1.285
TNS   : -21.845

Type  : Slow 1200mV 85C Model Minimum Pulse Width 'clk'
Slack : 9.891
TNS   : 0.000

Type  : Slow 1200mV 85C Model Minimum Pulse Width 'vgapll_inst|altpll_component|auto_generated|pll1|clk[0]'
Slack : 19.708
TNS   : 0.000

Type  : Slow 1200mV 0C Model Setup 'vgapll_inst|altpll_component|auto_generated|pll1|clk[0]'
Slack : -5.200
TNS   : -24.160

Type  : Slow 1200mV 0C Model Setup 'movimenta_objetos:movimenta|velocidade_objeto:speed|vClock'
Slack : -3.736
TNS   : -50.758

Type  : Slow 1200mV 0C Model Hold 'vgapll_inst|altpll_component|auto_generated|pll1|clk[0]'
Slack : -0.319
TNS   : -0.319

Type  : Slow 1200mV 0C Model Hold 'movimenta_objetos:movimenta|velocidade_objeto:speed|vClock'
Slack : 0.599
TNS   : 0.000

Type  : Slow 1200mV 0C Model Minimum Pulse Width 'movimenta_objetos:movimenta|velocidade_objeto:speed|vClock'
Slack : -1.285
TNS   : -21.845

Type  : Slow 1200mV 0C Model Minimum Pulse Width 'clk'
Slack : 9.887
TNS   : 0.000

Type  : Slow 1200mV 0C Model Minimum Pulse Width 'vgapll_inst|altpll_component|auto_generated|pll1|clk[0]'
Slack : 19.709
TNS   : 0.000

Type  : Fast 1200mV 0C Model Setup 'vgapll_inst|altpll_component|auto_generated|pll1|clk[0]'
Slack : -2.591
TNS   : -11.476

Type  : Fast 1200mV 0C Model Setup 'movimenta_objetos:movimenta|velocidade_objeto:speed|vClock'
Slack : -1.707
TNS   : -20.757

Type  : Fast 1200mV 0C Model Hold 'vgapll_inst|altpll_component|auto_generated|pll1|clk[0]'
Slack : -0.138
TNS   : -0.138

Type  : Fast 1200mV 0C Model Hold 'movimenta_objetos:movimenta|velocidade_objeto:speed|vClock'
Slack : 0.300
TNS   : 0.000

Type  : Fast 1200mV 0C Model Minimum Pulse Width 'movimenta_objetos:movimenta|velocidade_objeto:speed|vClock'
Slack : -1.000
TNS   : -17.000

Type  : Fast 1200mV 0C Model Minimum Pulse Width 'clk'
Slack : 9.574
TNS   : 0.000

Type  : Fast 1200mV 0C Model Minimum Pulse Width 'vgapll_inst|altpll_component|auto_generated|pll1|clk[0]'
Slack : 19.747
TNS   : 0.000

------------------------------------------------------------
